// Jest Snapshot v1, https://goo.gl/fbAQLP

exports[`Changing our button name to Hide toggle the button 1`] = `
<div
  className="App"
>
  <button
    onClick={[Function]}
  >
    Show
  </button>
  <div
    className="MyComponent"
  >
    MyComponent
    <ul
      style={
        Object {
          "listStyle": "none",
        }
      }
    />
  </div>
</div>
`;

exports[`My first snapshot test testing app button 1`] = `
<div
  className="App"
>
  <button
    onClick={[Function]}
  >
    Show
  </button>
  <div
    className="MyComponent"
  >
    MyComponent
    <ul
      style={
        Object {
          "listStyle": "none",
        }
      }
    />
  </div>
</div>
`;
